2026-03-21 20:03:50,740  INFO      loris_pipeline — Experiment directory: /root/autodl-tmp/Loris/experiments/reuters_20260321_200350
2026-03-21 20:03:50,741  INFO      loris_pipeline — Loading Reuters-21578 …
2026-03-21 20:03:50,922  INFO      loris_pipeline — Top-20 labels: ['earn', 'acq', 'money-fx', 'grain', 'crude', 'trade', 'interest', 'ship', 'wheat', 'corn']
2026-03-21 20:03:50,938  INFO      loris_pipeline — Sampled 2000 training documents.
2026-03-21 20:03:51,009  INFO      loris_pipeline — Data loaded in 0.3s — train=1600  val=400  test=1921  labels=20
2026-03-21 20:03:51,011  INFO      loris_pipeline — Added PretrainedEncoderClassifier (roberta-base).
2026-03-21 20:03:51,014  INFO      loris_pipeline — Model pool: ['tfidf_svm_unigram', 'tfidf_svm_bigram', 'tfidf_lr_bigram', 'textcnn', 'bilstm', 'encoder_mlp']
2026-03-21 20:03:51,014  INFO      loris_pipeline — Training  tfidf_svm_unigram …
2026-03-21 20:03:52,148  INFO      loris_pipeline —   tfidf_svm_unigram       micro-F1=0.8616  macro-F1=0.6656  (1.1s)
2026-03-21 20:03:52,148  INFO      loris_pipeline — Training  tfidf_svm_bigram …
2026-03-21 20:03:53,110  INFO      loris_pipeline —   tfidf_svm_bigram        micro-F1=0.8401  macro-F1=0.5475  (1.0s)
2026-03-21 20:03:53,110  INFO      loris_pipeline — Training  tfidf_lr_bigram …
2026-03-21 20:03:55,314  INFO      loris_pipeline —   tfidf_lr_bigram         micro-F1=0.6420  macro-F1=0.1165  (2.2s)
2026-03-21 20:03:55,314  INFO      loris_pipeline — Training  textcnn …
2026-03-21 20:03:55,379  INFO      models.neural_classifier — Vocabulary size: 9925
2026-03-21 20:03:58,304  INFO      models.neural_classifier — Epoch 1/5 | loss=0.2216 | val_micro_f1=0.4174
2026-03-21 20:03:58,678  INFO      models.neural_classifier — Epoch 2/5 | loss=0.1406 | val_micro_f1=0.4649
2026-03-21 20:03:59,059  INFO      models.neural_classifier — Epoch 3/5 | loss=0.1267 | val_micro_f1=0.5398
2026-03-21 20:03:59,433  INFO      models.neural_classifier — Epoch 4/5 | loss=0.1141 | val_micro_f1=0.5749
2026-03-21 20:03:59,811  INFO      models.neural_classifier — Epoch 5/5 | loss=0.1026 | val_micro_f1=0.5732
2026-03-21 20:03:59,812  INFO      models.neural_classifier — Training complete. Best val Micro-F1: 0.5749
2026-03-21 20:03:59,848  INFO      loris_pipeline —   textcnn                 micro-F1=0.5749  macro-F1=0.0811  (4.5s)
2026-03-21 20:03:59,848  INFO      loris_pipeline — Training  bilstm …
2026-03-21 20:03:59,908  INFO      models.neural_classifier — Vocabulary size: 9925
2026-03-21 20:04:00,606  INFO      models.neural_classifier — Epoch 1/5 | loss=0.3370 | val_micro_f1=0.0131
2026-03-21 20:04:01,036  INFO      models.neural_classifier — Epoch 2/5 | loss=0.1644 | val_micro_f1=0.4484
2026-03-21 20:04:01,459  INFO      models.neural_classifier — Epoch 3/5 | loss=0.1458 | val_micro_f1=0.4869
2026-03-21 20:04:01,878  INFO      models.neural_classifier — Epoch 4/5 | loss=0.1324 | val_micro_f1=0.4911
2026-03-21 20:04:02,299  INFO      models.neural_classifier — Epoch 5/5 | loss=0.1216 | val_micro_f1=0.6055
2026-03-21 20:04:02,301  INFO      models.neural_classifier — Training complete. Best val Micro-F1: 0.6055
2026-03-21 20:04:02,337  INFO      loris_pipeline —   bilstm                  micro-F1=0.6055  macro-F1=0.0825  (2.5s)
2026-03-21 20:04:02,337  INFO      loris_pipeline — Training  encoder_mlp …
2026-03-21 20:04:02,337  INFO      models.pretrained_encoder_classifier — Loading tokeniser: roberta-base
2026-03-21 20:04:02,534  INFO      models.pretrained_encoder_classifier — MLP path — loading roberta-base
2026-03-21 20:04:24,778  INFO      models.pretrained_encoder_classifier — Epoch 1/3 | loss=0.2776 | val_micro_f1=0.6912
2026-03-21 20:04:45,724  INFO      models.pretrained_encoder_classifier — Epoch 2/3 | loss=0.1063 | val_micro_f1=0.8144
2026-03-21 20:05:06,696  INFO      models.pretrained_encoder_classifier — Epoch 3/3 | loss=0.0825 | val_micro_f1=0.8228
2026-03-21 20:05:06,711  INFO      models.pretrained_encoder_classifier — MLP training complete. Best val Micro-F1: 0.8228
2026-03-21 20:05:07,765  INFO      loris_pipeline —   encoder_mlp             micro-F1=0.8228  macro-F1=0.2934  (65.4s)
2026-03-21 20:05:07,765  INFO      loris_pipeline — Best single-model val micro-F1 (baseline): 0.8616
2026-03-21 20:05:07,766  INFO      loris_pipeline — 
2026-03-21 20:05:07,766  INFO      loris_pipeline — ============================================================
2026-03-21 20:05:07,766  INFO      loris_pipeline — PIPELINE ATTEMPT 1 / 4
2026-03-21 20:05:07,766  INFO      loris_pipeline — ============================================================
2026-03-21 20:05:07,766  INFO      loris_pipeline — === Step 3.1  Pattern Abstraction ===
2026-03-21 20:05:07,773  INFO      pattern_extraction.pattern_abstractor — PatternAbstractor.fit() called on 1600 documents.
2026-03-21 20:05:07,777  INFO      pattern_extraction.pattern_abstractor — Step 1 | Embedding and clustering 1600 documents.
2026-03-21 20:05:07,777  INFO      pattern_extraction.pattern_abstractor — Loading sentence-transformer model 'sentence-transformers/all-MiniLM-L6-v2'.
2026-03-21 20:05:29,701  INFO      pattern_extraction.pattern_abstractor — Auto k-selection chose k=3.
2026-03-21 20:05:31,494  INFO      pattern_extraction.pattern_abstractor — Step 1 | Selected k=3 clusters.
2026-03-21 20:05:31,497  INFO      pattern_extraction.pattern_abstractor — Step 2 | Anchor extraction and pattern generation.
2026-03-21 20:05:32,317  INFO      pattern_extraction.pattern_abstractor — Loaded spaCy model 'en_core_web_sm'.
2026-03-21 20:07:25,703  INFO      pattern_extraction.pattern_abstractor —   Cluster 0 | 585 docs | 18087 anchors | 20808 candidate predicates
2026-03-21 20:07:35,004  INFO      pattern_extraction.pattern_abstractor —   Cluster 1 | 443 docs | 4222 anchors | 5267 candidate predicates
2026-03-21 20:08:34,289  INFO      pattern_extraction.pattern_abstractor —   Cluster 2 | 572 docs | 13068 anchors | 14848 candidate predicates
2026-03-21 20:08:34,355  INFO      pattern_extraction.pattern_abstractor — Step 2 | Total unique candidate predicates: 37711
2026-03-21 20:08:34,355  INFO      pattern_extraction.pattern_abstractor — Step 3 | Screening by coverage [0.020, 0.900] and entropy < 1.000.
2026-03-21 20:17:27,139  INFO      pattern_extraction.pattern_abstractor — Step 3 | Predicates surviving screening: 291 / 37711
2026-03-21 20:17:27,171  INFO      pattern_extraction.pattern_store — PatternStore saved 291 predicates to /root/autodl-tmp/Loris/experiments/reuters_20260321_200350/patterns.json.
2026-03-21 20:17:27,172  INFO      loris_pipeline — Pattern Abstraction done in 739.4s — 291 predicates extracted, 3 clusters, saved to /root/autodl-tmp/Loris/experiments/reuters_20260321_200350/patterns.json
2026-03-21 20:17:27,176  INFO      loris_pipeline — === Step 3.2  Dynamic Router ===
2026-03-21 20:17:27,176  INFO      loris_pipeline — Building document features (TF-IDF + TruncatedSVD) …
2026-03-21 20:17:29,258  INFO      loris_pipeline — Building oracle masks for 1600 documents …
2026-03-21 20:17:34,499  INFO      loris_pipeline — Training SelectionNetwork for 30 epochs …
2026-03-21 20:17:34,509  INFO      loris_pipeline —   [Router epoch   5/30]  L_imit=0.6692  L_ent=1.7894  L_total=0.4903
2026-03-21 20:17:34,517  INFO      loris_pipeline —   [Router epoch  10/30]  L_imit=0.6271  L_ent=1.7753  L_total=0.4495
2026-03-21 20:17:34,525  INFO      loris_pipeline —   [Router epoch  15/30]  L_imit=0.5663  L_ent=1.7282  L_total=0.3935
2026-03-21 20:17:34,534  INFO      loris_pipeline —   [Router epoch  20/30]  L_imit=0.4896  L_ent=1.6183  L_total=0.3277
2026-03-21 20:17:34,543  INFO      loris_pipeline —   [Router epoch  25/30]  L_imit=0.4112  L_ent=1.4632  L_total=0.2649
2026-03-21 20:17:34,552  INFO      loris_pipeline —   [Router epoch  30/30]  L_imit=0.3520  L_ent=1.3029  L_total=0.2217
2026-03-21 20:17:34,554  INFO      loris_pipeline — Router done in 7.4s — selected models: ['encoder_mlp', 'textcnn', 'tfidf_svm_bigram']  (frequency: {'tfidf_svm_unigram': 0, 'tfidf_svm_bigram': 400, 'tfidf_lr_bigram': 0, 'textcnn': 400, 'bilstm': 0, 'encoder_mlp': 400})
2026-03-21 20:17:34,555  INFO      loris_pipeline — Registered ML predicate: loris_clf_encoder_mlp
2026-03-21 20:17:34,555  INFO      loris_pipeline — Registered ML predicate: loris_clf_textcnn
2026-03-21 20:17:34,555  INFO      loris_pipeline — Registered ML predicate: loris_clf_tfidf_svm_bigram
2026-03-21 20:17:34,555  INFO      loris_pipeline — === Step 3.3  Rule Discovery ===
2026-03-21 20:17:36,820  INFO      loris_pipeline — Candidate predicates=291→100 (top-100 by val precision)  ML models=3  labels=20  max_trials=100  top_n=10
2026-03-21 20:17:55,655  INFO      rule_discovery.loris_rule_discovery — RDLSet saved 1 rules to /root/autodl-tmp/Loris/experiments/reuters_20260321_200350/rules.json.
2026-03-21 20:17:55,655  INFO      loris_pipeline — Rule Discovery done in 21.1s — 1 rules found, saved to /root/autodl-tmp/Loris/experiments/reuters_20260321_200350/rules.json
2026-03-21 20:17:55,655  INFO      loris_pipeline — Top-5 rules by F1-gain:
2026-03-21 20:17:55,656  INFO      loris_pipeline —   #1  [earn]  gain=0.0500  cov=0.420  body=RDL(freq(x.cnt, '000\\ vs') < 19.0 ∧ label('earn', op='contains') → 'earn', score=0.0500, coverage=0.4200)
2026-03-21 20:17:55,656  INFO      loris_pipeline — ✓ Rule quality check PASSED on attempt 1.
2026-03-21 20:17:55,694  INFO      loris_pipeline — Test set — micro-F1=0.0000  macro-F1=0.0000
2026-03-21 20:17:55,694  INFO      loris_pipeline — Results saved to /root/autodl-tmp/Loris/experiments/reuters_20260321_200350  (baseline F1=0.8616 → final F1=0.0000  Δ=-0.8616)
2026-03-21 20:17:55,694  INFO      loris_pipeline — Pipeline complete. Results in /root/autodl-tmp/Loris/experiments/reuters_20260321_200350
